<html>
<body>
<pre>
<h1>µVision Build Log</h1>
<h2>Tool Versions:</h2>
IDE-Version: £gVision V5.22.0.0
Copyright (C) 2016 ARM Ltd and ARM Germany GmbH. All rights reserved.
License Information: 123 321, 123, LIC=GMZGK-ZUUS4-UGH7Q-NNLJM-K2DW2-C0LLZ
 
Tool Versions:
Toolchain:       MDK-ARM Plus  Version: 5.22
Toolchain Path:  C:\Keil_v5\ARM\ARMCC\Bin
C Compiler:      Armcc.exe V5.06 update 4 (build 422)
Assembler:       Armasm.exe V5.06 update 4 (build 422)
Linker/Locator:  ArmLink.exe V5.06 update 4 (build 422)
Library Manager: ArmAr.exe V5.06 update 4 (build 422)
Hex Converter:   FromElf.exe V5.06 update 4 (build 422)
CPU DLL:         SARMCM3.DLL V5.22
Dialog DLL:      DCM.DLL V1.13.9.0
Target DLL:      STLink\ST-LINKIII-KEIL_SWO.dll V2.0.18.0
Dialog DLL:      TCM.DLL V1.21.0.0
 
<h2>Project:</h2>
D:\USER\Documents\STM32Cube\MPU9250\MDK-ARM\MPU9250.uvprojx
Project File Date:  10/20/2017

<h2>Output:</h2>
*** Using Compiler 'V5.06 update 4 (build 422)', folder: 'C:\Keil_v5\ARM\ARMCC\Bin'
Build target 'MPU9250'
compiling main.c...
../Src/main.c(106): warning:  #1035-D: single-precision operand implicitly converted to double-precision
  	*filtered=(1.0-alpha)*(*filtered)+alpha*((*raw));
../Src/main.c(110): warning:  #1035-D: single-precision operand implicitly converted to double-precision
  	*filtered=(1.0-alpha)*(*filtered)+alpha*((*raw));
../Src/main.c(156): warning:  #177-D: variable "i"  was declared but never referenced
  	int i=100;
../Src/main.c: 3 warnings, 0 errors
linking...
Program Size: Code=11368 RO-data=484 RW-data=12 ZI-data=1508  
"MPU9250\MPU9250.axf" - 0 Error(s), 3 Warning(s).

<h2>Software Packages used:</h2>

Package Vendor: ARM
                http://www.keil.com/pack/ARM.CMSIS.5.0.0.pack
                ARM::CMSIS:CORE:5.0.0
                CMSIS (Cortex Microcontroller Software Interface Standard)
   * Component: CORE Version: 5.0.0

<h2>Collection of Component include folders:</h2>
  D:\USER\Documents\STM32Cube\MPU9250\MDK-ARM\RTE\_MPU9250
  C:\Keil_v5\ARM\PACK\ARM\CMSIS\5.0.0\CMSIS\Include
  C:\Keil_v5\ARM\PACK\Keil\STM32F4xx_DFP\2.11.0\Drivers\CMSIS\Device\ST\STM32F4xx\Include

<h2>Collection of Component Files used:</h2>

   * Component: ARM::CMSIS:CORE:5.0.0
Build Time Elapsed:  00:00:05
</pre>
</body>
</html>
